// Jest Snapshot v1, https://goo.gl/fbAQLP

exports[`FormModificarPedidoUsuario test should match snapshot 1`] = `
<div>
  <form>
    <h2>
      Form test
    </h2>
    <label>
      Modifique el Producto
       
    </label>
    <select
      class="sc-AxhCb kUujfn"
      name="producto"
    >
      <option
        value="{\\"nombre\\":\\"Paella Española\\",\\"precio\\":38000,\\"detalle\\":\\"Verduras y sustituye\\"}"
      >
        Nombre: Paella Española | Precio: 38000
      </option>
    </select>
    <label>
      Cambie el Tipo de Reunión:
       
    </label>
    <select
      class="sc-AxhCb kUujfn"
      name="reunion"
    >
      <option
        value="{\\"tipo\\":\\"TIPO_PEQUENA\\",\\"precio\\":25000}"
      >
        TIPO_PEQUENA | Precio: 25000
      </option>
      <option
        value="{\\"tipo\\":\\"TIPO_MEDIANA\\",\\"precio\\":50000}"
      >
        TIPO_MEDIANA | Precio: 50000
      </option>
      <option
        value="{\\"tipo\\":\\"TIPO_GRANDE\\",\\"precio\\":75000}"
      >
        TIPO_GRANDE | Precio: 75000
      </option>
    </select>
    <label>
      Modifique la fecha y hora del evento:
    </label>
    <div
      class="react-datepicker-wrapper"
    >
      <div
        class="react-datepicker__input-container"
      >
        <input
          class=""
          name="fechaRealizacion"
          type="text"
          value="January 13, 2022 3:00 PM"
        />
      </div>
    </div>
    <input
      class="sc-AxirZ eAukyj"
      name="fechaRealizacionAux"
      type="hidden"
      value="Thu Jan 13 2022 15:00:00 GMT-0500 (Colombia Standard Time)"
    />
    <input
      class="sc-AxirZ eAukyj"
      name="direccion"
      placeholder="Ingrese la Dirección del evento. (Solo en Medellín)"
      value=""
    />
    <input
      class="sc-AxirZ eAukyj"
      name="horasDeServicio"
      placeholder="Ingrese el numero Horas del servicio, (minimo 4 horas)"
      type="number"
      value="0"
    />
    <label
      for="valorTotalPedido"
    >
      Valor total de su pedido a modificar:
      0
    </label>
    <button
      class="sc-AxjAm kgxTKy"
      type="submit"
    >
      Modificar Pedido
    </button>
    <button
      class="sc-AxjAm kgxTKy"
      type="button"
    >
      Regresar
    </button>
  </form>
</div>
`;
